// Jest Snapshot v1, https://goo.gl/fbAQLP

exports[`<Visualizer /> Renders... matches its snapshot 1`] = `
<canvas
  className="c-visualizer"
  height={768}
  style={
    Object {
      "height": 768,
      "left": 0,
      "position": "absolute",
      "top": 0,
      "width": 1024,
      "zIndex": -1,
    }
  }
  width={1024}
/>
`;
