// Jest Snapshot v1, https://goo.gl/fbAQLP

exports[`<CategorySelector /> Renders... matches its snapshot 1`] = `
<div
  className="c-category-selector"
>
  Category Selector:
   
  <Select
    className="c-category-selector__select"
    disabled={false}
    onChange={[MockFunction]}
    options={Array []}
    value=""
  />
</div>
`;
