// Jest Snapshot v1, https://goo.gl/fbAQLP

exports[`<Player /> Renders... matches its snapshot 1`] = `
<PlayerContextProvider>
  <div
    className="c-player"
  >
    <section
      className="c-player__debug"
    >
      <Debug />
    </section>
    <section
      className="c-player__controls"
    >
      <Controls />
    </section>
    <Audio />
  </div>
</PlayerContextProvider>
`;
