// Jest Snapshot v1, https://goo.gl/fbAQLP

exports[`<Debug /> Renders... matches its snapshot 1`] = `
<div
  className="c-Debug"
>
  <ul
    className="c-Debug__list"
  >
    <li
      className="c-Debug__list-item"
    >
      currentCategory: 
    </li>
    <li
      className="c-Debug__list-item"
    >
      currentSample: 
    </li>
    <li
      className="c-Debug__list-item"
    >
      isLooping: 
      false
    </li>
    <li
      className="c-Debug__list-item"
    >
      isPlaying: 
      false
    </li>
  </ul>
</div>
`;
