// Jest Snapshot v1, https://goo.gl/fbAQLP

exports[`<App /> Renders... matches its snapshot 1`] = `
<AppContextProvider>
  <main
    className="c-app c-app--is-loading"
  >
    <h1
      className="c-app__title"
    >
      Sonic Pi Samples
    </h1>
    <section
      className="c-app__player"
    >
      <Player />
    </section>
  </main>
</AppContextProvider>
`;
