// Jest Snapshot v1, https://goo.gl/fbAQLP

exports[`<SampleSelector /> Renders... matches its snapshot 1`] = `
<div
  className="c-sample-selector"
>
  Sample Selector:
   
  <Select
    className="c-sample-selector__select"
    disabled={false}
    onChange={[Function]}
    options={Array []}
    value=""
  />
</div>
`;
